// Jest Snapshot v1, https://goo.gl/fbAQLP

exports[`<App /> has 1 child 1`] = `
Array [
  <View>
    <Text />
  </View>,
  <RNCSafeAreaProvider
    onInsetsChange={[Function]}
    style={
      Array [
        Object {
          "flex": 1,
        },
        undefined,
      ]
    }
  />,
]
`;
